// Jest Snapshot v1, https://goo.gl/fbAQLP

exports[`parseCalls 1`] = `
[
  {
    "baseUrl": "/search",
    "body": {},
    "headers": {},
    "method": "GET",
  },
  {
    "baseUrl": "/artists/xyz123abc/top-tracks",
    "body": {},
    "headers": {},
    "method": "GET",
  },
]
`;
