// Jest Snapshot v1, https://goo.gl/fbAQLP

exports[`oasToDescriptions 1`] = `
{
  "/albums": {
    "get": "Get Spotify catalog information for multiple albums identified by their Spotify IDs.",
  },
  "/albums/{id}": {
    "get": "Get Spotify catalog information for a single album.",
  },
  "/albums/{id}/tracks": {
    "get": "Get Spotify catalog information about an album’s tracks. Optional parameters can be used to limit the number of tracks returned.",
  },
  "/artists": {
    "get": "Get Spotify catalog information for several artists based on their Spotify IDs.",
  },
  "/artists/{id}": {
    "get": "Get Spotify catalog information for a single artist identified by their unique Spotify ID.",
  },
  "/artists/{id}/albums": {
    "get": "Get Spotify catalog information about an artist's albums.",
  },
  "/artists/{id}/related-artists": {
    "get": "Get Spotify catalog information about artists similar to a given artist. Similarity is based on analysis of the Spotify community's listening history.",
  },
  "/artists/{id}/top-tracks": {
    "get": "Get Spotify catalog information about an artist's top tracks by country.",
  },
  "/audio-analysis/{id}": {
    "get": "Get a low-level audio analysis for a track in the Spotify catalog. The audio analysis describes the track’s structure and musical content, including rhythm, pitch, and timbre.",
  },
  "/audio-features": {
    "get": "Get audio features for multiple tracks based on their Spotify IDs.",
  },
  "/audio-features/{id}": {
    "get": "Get audio feature information for a single track identified by its unique Spotify ID.",
  },
  "/audiobooks": {
    "get": "Get Spotify catalog information for several audiobooks identified by their Spotify IDs. Audiobooks are only available within the US, UK, Canada, Ireland, New Zealand and Australia markets.",
  },
  "/audiobooks/{id}": {
    "get": "Get Spotify catalog information for a single audiobook. Audiobooks are only available within the US, UK, Canada, Ireland, New Zealand and Australia markets.",
  },
  "/audiobooks/{id}/chapters": {
    "get": "Get Spotify catalog information about an audiobook's chapters. Audiobooks are only available within the US, UK, Canada, Ireland, New Zealand and Australia markets.",
  },
  "/browse/categories": {
    "get": "Get a list of categories used to tag items in Spotify (on, for example, the Spotify player’s “Browse” tab).",
  },
  "/browse/categories/{category_id}": {
    "get": "Get a single category used to tag items in Spotify (on, for example, the Spotify player’s “Browse” tab).",
  },
  "/browse/categories/{category_id}/playlists": {
    "get": "Get a list of Spotify playlists tagged with a particular category.",
  },
  "/browse/featured-playlists": {
    "get": "Get a list of Spotify featured playlists (shown, for example, on a Spotify player's 'Browse' tab).",
  },
  "/browse/new-releases": {
    "get": "Get a list of new album releases featured in Spotify (shown, for example, on a Spotify player’s “Browse” tab).",
  },
  "/chapters": {
    "get": "Get Spotify catalog information for several audiobook chapters identified by their Spotify IDs. Chapters are only available within the US, UK, Canada, Ireland, New Zealand and Australia markets.",
  },
  "/chapters/{id}": {
    "get": "Get Spotify catalog information for a single audiobook chapter. Chapters are only available within the US, UK, Canada, Ireland, New Zealand and Australia markets.",
  },
  "/episodes": {
    "get": "Get Spotify catalog information for several episodes based on their Spotify IDs.",
  },
  "/episodes/{id}": {
    "get": "Get Spotify catalog information for a single episode identified by its unique Spotify ID.",
  },
  "/markets": {
    "get": "Get the list of markets where Spotify is available.",
  },
  "/me": {
    "get": "Get detailed profile information about the current user (including the current user's username).",
  },
  "/me/albums": {
    "delete": "Remove one or more albums from the current user's 'Your Music' library.",
    "get": "Get a list of the albums saved in the current Spotify user's 'Your Music' library.",
    "put": "Save one or more albums to the current user's 'Your Music' library.",
  },
  "/me/albums/contains": {
    "get": "Check if one or more albums is already saved in the current Spotify user's 'Your Music' library.",
  },
  "/me/audiobooks": {
    "delete": "Remove one or more audiobooks from the Spotify user's library.",
    "get": "Get a list of the audiobooks saved in the current Spotify user's 'Your Music' library.",
    "put": "Save one or more audiobooks to the current Spotify user's library.",
  },
  "/me/audiobooks/contains": {
    "get": "Check if one or more audiobooks are already saved in the current Spotify user's library.",
  },
  "/me/episodes": {
    "delete": "Remove one or more episodes from the current user's library.<br/> This API endpoint is in __beta__ and could change without warning. Please share any feedback that you have, or issues that you discover, in our [developer community forum](https://community.spotify.com/t5/Spotify-for-Developers/bd-p/Spotify_Developer).",
    "get": "Get a list of the episodes saved in the current Spotify user's library.<br/> This API endpoint is in __beta__ and could change without warning. Please share any feedback that you have, or issues that you discover, in our [developer community forum](https://community.spotify.com/t5/Spotify-for-Developers/bd-p/Spotify_Developer).",
    "put": "Save one or more episodes to the current user's library.<br/> This API endpoint is in __beta__ and could change without warning. Please share any feedback that you have, or issues that you discover, in our [developer community forum](https://community.spotify.com/t5/Spotify-for-Developers/bd-p/Spotify_Developer).",
  },
  "/me/episodes/contains": {
    "get": "Check if one or more episodes is already saved in the current Spotify user's 'Your Episodes' library.<br/> This API endpoint is in __beta__ and could change without warning. Please share any feedback that you have, or issues that you discover, in our [developer community forum](https://community.spotify.com/t5/Spotify-for-Developers/bd-p/Spotify_Developer)..",
  },
  "/me/following": {
    "delete": "Remove the current user as a follower of one or more artists or other Spotify users.",
    "get": "Get the current user's followed artists.",
    "put": "Add the current user as a follower of one or more artists or other Spotify users.",
  },
  "/me/following/contains": {
    "get": "Check to see if the current user is following one or more artists or other Spotify users.",
  },
  "/me/player": {
    "get": "Get information about the user’s current playback state, including track or episode, progress, and active device.",
    "put": "Transfer playback to a new device and optionally begin playback. This API only works for users who have Spotify Premium. The order of execution is not guaranteed when you use this API with other Player API endpoints.",
  },
  "/me/player/currently-playing": {
    "get": "Get the object currently being played on the user's Spotify account.",
  },
  "/me/player/devices": {
    "get": "Get information about a user’s available Spotify Connect devices. Some device models are not supported and will not be listed in the API response.",
  },
  "/me/player/next": {
    "post": "Skips to next track in the user’s queue. This API only works for users who have Spotify Premium. The order of execution is not guaranteed when you use this API with other Player API endpoints.",
  },
  "/me/player/pause": {
    "put": "Pause playback on the user's account. This API only works for users who have Spotify Premium. The order of execution is not guaranteed when you use this API with other Player API endpoints.",
  },
  "/me/player/play": {
    "put": "Start a new context or resume current playback on the user's active device. This API only works for users who have Spotify Premium. The order of execution is not guaranteed when you use this API with other Player API endpoints.",
  },
  "/me/player/previous": {
    "post": "Skips to previous track in the user’s queue. This API only works for users who have Spotify Premium. The order of execution is not guaranteed when you use this API with other Player API endpoints.",
  },
  "/me/player/queue": {
    "get": "Get the list of objects that make up the user's queue.",
    "post": "Add an item to the end of the user's current playback queue. This API only works for users who have Spotify Premium. The order of execution is not guaranteed when you use this API with other Player API endpoints.",
  },
  "/me/player/recently-played": {
    "get": "Get tracks from the current user's recently played tracks. _**Note**: Currently doesn't support podcast episodes._",
  },
  "/me/player/repeat": {
    "put": "Set the repeat mode for the user's playback. This API only works for users who have Spotify Premium. The order of execution is not guaranteed when you use this API with other Player API endpoints.",
  },
  "/me/player/seek": {
    "put": "Seeks to the given position in the user’s currently playing track. This API only works for users who have Spotify Premium. The order of execution is not guaranteed when you use this API with other Player API endpoints.",
  },
  "/me/player/shuffle": {
    "put": "Toggle shuffle on or off for user’s playback. This API only works for users who have Spotify Premium. The order of execution is not guaranteed when you use this API with other Player API endpoints.",
  },
  "/me/player/volume": {
    "put": "Set the volume for the user’s current playback device. This API only works for users who have Spotify Premium. The order of execution is not guaranteed when you use this API with other Player API endpoints.",
  },
  "/me/playlists": {
    "get": "Get a list of the playlists owned or followed by the current Spotify user.",
  },
  "/me/shows": {
    "delete": "Delete one or more shows from current Spotify user's library.",
    "get": "Get a list of shows saved in the current Spotify user's library. Optional parameters can be used to limit the number of shows returned.",
    "put": "Save one or more shows to current Spotify user's library.",
  },
  "/me/shows/contains": {
    "get": "Check if one or more shows is already saved in the current Spotify user's library.",
  },
  "/me/top/{type}": {
    "get": "Get the current user's top artists or tracks based on calculated affinity.",
  },
  "/me/tracks": {
    "delete": "Remove one or more tracks from the current user's 'Your Music' library.",
    "get": "Get a list of the songs saved in the current Spotify user's 'Your Music' library.",
    "put": "Save one or more tracks to the current user's 'Your Music' library.",
  },
  "/me/tracks/contains": {
    "get": "Check if one or more tracks is already saved in the current Spotify user's 'Your Music' library.",
  },
  "/playlists/{playlist_id}": {
    "get": "Get a playlist owned by a Spotify user.",
    "put": "Change a playlist's name and public/private state. (The user must, of course, own the playlist.)",
  },
  "/playlists/{playlist_id}/followers": {
    "delete": "Remove the current user as a follower of a playlist.",
    "put": "Add the current user as a follower of a playlist.",
  },
  "/playlists/{playlist_id}/followers/contains": {
    "get": "Check to see if one or more Spotify users are following a specified playlist.",
  },
  "/playlists/{playlist_id}/images": {
    "get": "Get the current image associated with a specific playlist.",
    "put": "Replace the image used to represent a specific playlist.",
  },
  "/playlists/{playlist_id}/tracks": {
    "delete": "Remove one or more items from a user's playlist.",
    "get": "Get full details of the items of a playlist owned by a Spotify user.",
    "post": "Add one or more items to a user's playlist.",
    "put": "Either reorder or replace items in a playlist depending on the request's parameters. To reorder items, include \`range_start\`, \`insert_before\`, \`range_length\` and \`snapshot_id\` in the request's body.
To replace items, include \`uris\` as either a query parameter or in the request's body.
Replacing items in a playlist will overwrite its existing items. This operation can be used for replacing or clearing items in a playlist.
<br/>
**Note**: Replace and reorder are mutually exclusive operations which share the same endpoint, but have different parameters.
These operations can't be applied together in a single request.",
  },
  "/recommendations": {
    "get": "Recommendations are generated based on the available information for a given seed entity and matched against similar artists and tracks. If there is sufficient information about the provided seeds, a list of tracks will be returned together with pool size details. 
For artists and tracks that are very new or obscure there might not be enough data to generate a list of tracks.",
  },
  "/recommendations/available-genre-seeds": {
    "get": "Retrieve a list of available genres seed parameter values for [recommendations](/documentation/web-api/reference/get-recommendations).",
  },
  "/search": {
    "get": "Get Spotify catalog information about albums, artists, playlists, tracks, shows, episodes or audiobooks that match a keyword string. Audiobooks are only available within the US, UK, Canada, Ireland, New Zealand and Australia markets.",
  },
  "/shows": {
    "get": "Get Spotify catalog information for several shows based on their Spotify IDs.",
  },
  "/shows/{id}": {
    "get": "Get Spotify catalog information for a single show identified by its unique Spotify ID.",
  },
  "/shows/{id}/episodes": {
    "get": "Get Spotify catalog information about an show’s episodes. Optional parameters can be used to limit the number of episodes returned.",
  },
  "/tracks": {
    "get": "Get Spotify catalog information for multiple tracks based on their Spotify IDs.",
  },
  "/tracks/{id}": {
    "get": "Get Spotify catalog information for a single track identified by its unique Spotify ID.",
  },
  "/users/{user_id}": {
    "get": "Get public profile information about a Spotify user.",
  },
  "/users/{user_id}/playlists": {
    "get": "Get a list of the playlists owned or followed by a Spotify user.",
    "post": "Create a playlist for a Spotify user. (The playlist will be empty until you [add tracks](/documentation/web-api/reference/add-tracks-to-playlist).)
Each user is generally limited to a maximum of 11000 playlists.",
  },
}
`;
